Found 1 test(s).
venv\Scripts\python : Creating test 
database for alias 'default'...
At line:1 char:1
+ venv\Scripts\python manage.py test 
movies.tests.PerformanceTest > tes ...
+ ~~~~~~~~~~~~~~~~~~~~~~~~~~~~~~~~~~~~~~~~~~
~~~~~~~~~~~~~~~~~~~~~~~~~~~
    + CategoryInfo          : NotSpecified: 
    (Creating test d...as 'default'...:Str  
  ing) [], RemoteException
    + FullyQualifiedErrorId : NativeCommand 
   Error
 

System check identified no issues (0 silenced).

Movie List Load Time: 0.0611s
E
============================================
==========================
ERROR: test_movie_list_performance (movies.t
ests.PerformanceTest.test_movie_list_perform
ance)
Test that movie list loads quickly and 
contains rating data.
--------------------------------------------
--------------------------
Traceback (most recent call last):
  File "C:\Projects\cinesense\venv\Lib\site-
packages\django\db\backends\utils.py", line 
89, in _execute
    return self.cursor.execute(sql, params)
           ~~~~~~~~~~~~~~~~~~~^^^^^^^^^^^^^
  File "C:\Projects\cinesense\venv\Lib\site-
packages\django\db\backends\sqlite3\base.py"
, line 328, in execute
    return super().execute(query, params)
           ~~~~~~~~~~~~~~~^^^^^^^^^^^^^^^
sqlite3.IntegrityError: UNIQUE constraint 
failed: movies_rating.user_id, 
movies_rating.movie_id

The above exception was the direct cause of 
the following exception:

Traceback (most recent call last):
  File 
"C:\Projects\cinesense\movies\tests.py", 
line 56, in test_movie_list_performance
    Rating.objects.create(user=self.user, 
movie=top_movie, stars=5.0)
    ~~~~~~~~~~~~~~~~~~~~~^^^^^^^^^^^^^^^^^^^
^^^^^^^^^^^^^^^^^^^^^^^^^
  File "C:\Projects\cinesense\venv\Lib\site-
packages\django\db\models\manager.py", line 
87, in manager_method
    return getattr(self.get_queryset(), 
name)(*args, **kwargs)
           ~~~~~~~~~~~~~~~~~~~~~~~~~~~~~~~~~
~^^^^^^^^^^^^^^^^^
  File "C:\Projects\cinesense\venv\Lib\site-
packages\django\db\models\query.py", line 
660, in create
    obj.save(force_insert=True, 
using=self.db)
    
~~~~~~~~^^^^^^^^^^^^^^^^^^^^^^^^^^^^^^^^^^
  File "C:\Projects\cinesense\venv\Lib\site-
packages\django\db\models\base.py", line 
814, in save
    self.save_base(
    ~~~~~~~~~~~~~~^
        using=using,
        ^^^^^^^^^^^^
    ...<2 lines>...
        update_fields=update_fields,
        ^^^^^^^^^^^^^^^^^^^^^^^^^^^^
    )
    ^
  File "C:\Projects\cinesense\venv\Lib\site-
packages\django\db\models\base.py", line 
877, in save_base
    updated = self._save_table(
        raw,
    ...<4 lines>...
        update_fields,
    )
  File "C:\Projects\cinesense\venv\Lib\site-
packages\django\db\models\base.py", line 
1020, in _save_table
    results = self._do_insert(
        cls._base_manager, using, fields, 
returning_fields, raw
    )
  File "C:\Projects\cinesense\venv\Lib\site-
packages\django\db\models\base.py", line 
1061, in _do_insert
    return manager._insert(
           ~~~~~~~~~~~~~~~^
        [self],
        ^^^^^^^
    ...<3 lines>...
        raw=raw,
        ^^^^^^^^
    )
    ^
  File "C:\Projects\cinesense\venv\Lib\site-
packages\django\db\models\manager.py", line 
87, in manager_method
    return getattr(self.get_queryset(), 
name)(*args, **kwargs)
           ~~~~~~~~~~~~~~~~~~~~~~~~~~~~~~~~~
~^^^^^^^^^^^^^^^^^
  File "C:\Projects\cinesense\venv\Lib\site-
packages\django\db\models\query.py", line 
1810, in _insert
    return query.get_compiler(using=using).e
xecute_sql(returning_fields)
           ~~~~~~~~~~~~~~~~~~~~~~~~~~~~~~~~~
~~~~~~~~~~^^^^^^^^^^^^^^^^^^
  File "C:\Projects\cinesense\venv\Lib\site-
packages\django\db\models\sql\compiler.py", 
line 1822, in execute_sql
    cursor.execute(sql, params)
    ~~~~~~~~~~~~~~^^^^^^^^^^^^^
  File "C:\Projects\cinesense\venv\Lib\site-
packages\django\db\backends\utils.py", line 
67, in execute
    return self._execute_with_wrappers(
           ~~~~~~~~~~~~~~~~~~~~~~~~~~~^
        sql, params, many=False, 
executor=self._execute
        ^^^^^^^^^^^^^^^^^^^^^^^^^^^^^^^^^^^^
^^^^^^^^^^^
    )
    ^
  File "C:\Projects\cinesense\venv\Lib\site-
packages\django\db\backends\utils.py", line 
80, in _execute_with_wrappers
    return executor(sql, params, many, 
context)
  File "C:\Projects\cinesense\venv\Lib\site-
packages\django\db\backends\utils.py", line 
84, in _execute
    with self.db.wrap_database_errors:
         ^^^^^^^^^^^^^^^^^^^^^^^^^^^^
  File "C:\Projects\cinesense\venv\Lib\site-
packages\django\db\utils.py", line 91, in 
__exit__
    raise 
dj_exc_value.with_traceback(traceback) from 
exc_value
  File "C:\Projects\cinesense\venv\Lib\site-
packages\django\db\backends\utils.py", line 
89, in _execute
    return self.cursor.execute(sql, params)
           ~~~~~~~~~~~~~~~~~~~^^^^^^^^^^^^^
  File "C:\Projects\cinesense\venv\Lib\site-
packages\django\db\backends\sqlite3\base.py"
, line 328, in execute
    return super().execute(query, params)
           ~~~~~~~~~~~~~~~^^^^^^^^^^^^^^^
django.db.utils.IntegrityError: UNIQUE 
constraint failed: movies_rating.user_id, 
movies_rating.movie_id

--------------------------------------------
--------------------------
Ran 1 test in 0.605s

FAILED (errors=1)
Destroying test database for alias 
'default'...

